2026-03-11 19:42:13,404 | INFO | === AgriSense | Soil Model Training Started ===
2026-03-11 19:42:13,405 | INFO | Device: cpu
2026-03-11 19:42:13,423 | INFO | Train: 951 | Val: 238 | Classes: ['Alluvial_Soil', 'Arid_Soil', 'Black_Soil', 'Laterite_Soil', 'Mountain_Soil', 'Red_Soil', 'Yellow_Soil']
2026-03-11 19:42:13,868 | INFO | Parameters: 4,016,515
2026-03-11 19:42:13,870 | INFO | Training for up to 50 epochs (patience=10)…

2026-03-11 19:47:04,717 | INFO | === AgriSense | Soil Model Training Started ===
2026-03-11 19:47:04,717 | INFO | Device: cpu
2026-03-11 19:47:04,734 | INFO | Train: 951 | Val: 238 | Classes: ['Alluvial_Soil', 'Arid_Soil', 'Black_Soil', 'Laterite_Soil', 'Mountain_Soil', 'Red_Soil', 'Yellow_Soil']
2026-03-11 19:47:05,012 | INFO | Parameters: 4,016,515
2026-03-11 19:47:05,015 | INFO | Training for up to 50 epochs (patience=10)…

2026-03-11 19:49:42,166 | INFO | Epoch 001/50 | LR=9.99e-05 | Train Loss=1.7336 Acc=35.0% | Val Loss=1.5496 Acc=52.9%
2026-03-11 19:49:42,410 | INFO |   ✅ New best val acc: 52.94% — checkpoint saved
2026-03-11 19:52:07,437 | INFO | Epoch 002/50 | LR=9.96e-05 | Train Loss=1.2641 Acc=58.6% | Val Loss=1.2097 Acc=63.0%
2026-03-11 19:52:07,721 | INFO |   ✅ New best val acc: 63.03% — checkpoint saved
2026-03-11 19:54:31,380 | INFO | Epoch 003/50 | LR=9.91e-05 | Train Loss=1.0216 Acc=60.1% | Val Loss=0.9530 Acc=71.8%
2026-03-11 19:54:31,578 | INFO |   ✅ New best val acc: 71.85% — checkpoint saved
2026-03-11 19:56:58,859 | INFO | Epoch 004/50 | LR=9.84e-05 | Train Loss=0.8010 Acc=68.7% | Val Loss=0.8030 Acc=76.1%
2026-03-11 19:56:59,049 | INFO |   ✅ New best val acc: 76.05% — checkpoint saved
2026-03-11 19:59:20,980 | INFO | Epoch 005/50 | LR=9.76e-05 | Train Loss=0.7319 Acc=71.5% | Val Loss=0.7184 Acc=77.3%
2026-03-11 19:59:21,178 | INFO |   ✅ New best val acc: 77.31% — checkpoint saved
2026-03-11 20:01:43,021 | INFO | Epoch 006/50 | LR=9.65e-05 | Train Loss=0.6385 Acc=75.3% | Val Loss=0.6335 Acc=81.5%
2026-03-11 20:01:43,232 | INFO |   ✅ New best val acc: 81.51% — checkpoint saved
2026-03-11 20:04:05,276 | INFO | Epoch 007/50 | LR=9.52e-05 | Train Loss=0.5997 Acc=76.4% | Val Loss=0.5983 Acc=80.7%
2026-03-11 20:06:29,107 | INFO | Epoch 008/50 | LR=9.38e-05 | Train Loss=0.5077 Acc=79.6% | Val Loss=0.5565 Acc=83.2%
2026-03-11 20:06:29,302 | INFO |   ✅ New best val acc: 83.19% — checkpoint saved
2026-03-11 20:08:51,431 | INFO | Epoch 009/50 | LR=9.22e-05 | Train Loss=0.4635 Acc=82.5% | Val Loss=0.5731 Acc=82.4%
2026-03-11 20:11:19,501 | INFO | Epoch 010/50 | LR=9.05e-05 | Train Loss=0.4002 Acc=83.6% | Val Loss=0.4963 Acc=84.9%
2026-03-11 20:11:19,712 | INFO |   ✅ New best val acc: 84.87% — checkpoint saved
2026-03-11 20:13:47,656 | INFO | Epoch 011/50 | LR=8.85e-05 | Train Loss=0.3660 Acc=85.0% | Val Loss=0.4821 Acc=84.5%
2026-03-11 20:16:18,439 | INFO | Epoch 012/50 | LR=8.65e-05 | Train Loss=0.3265 Acc=85.8% | Val Loss=0.4900 Acc=84.9%
2026-03-11 20:18:45,405 | INFO | Epoch 013/50 | LR=8.42e-05 | Train Loss=0.3684 Acc=85.7% | Val Loss=0.5190 Acc=82.8%
2026-03-11 20:21:23,518 | INFO | Epoch 014/50 | LR=8.19e-05 | Train Loss=0.3441 Acc=86.1% | Val Loss=0.5098 Acc=83.6%
2026-03-11 20:24:02,673 | INFO | Epoch 015/50 | LR=7.94e-05 | Train Loss=0.2904 Acc=87.4% | Val Loss=0.4765 Acc=84.0%
2026-03-11 20:26:54,608 | INFO | Epoch 016/50 | LR=7.68e-05 | Train Loss=0.3043 Acc=89.6% | Val Loss=0.4920 Acc=84.0%
2026-03-11 20:29:31,451 | INFO | Epoch 017/50 | LR=7.41e-05 | Train Loss=0.3149 Acc=88.1% | Val Loss=0.5355 Acc=84.0%
2026-03-11 20:32:05,133 | INFO | Epoch 018/50 | LR=7.13e-05 | Train Loss=0.2641 Acc=88.7% | Val Loss=0.5231 Acc=85.3%
2026-03-11 20:32:05,370 | INFO |   ✅ New best val acc: 85.29% — checkpoint saved
2026-03-11 20:34:38,135 | INFO | Epoch 019/50 | LR=6.84e-05 | Train Loss=0.2322 Acc=90.0% | Val Loss=0.4974 Acc=84.0%
2026-03-11 20:37:04,593 | INFO | Epoch 020/50 | LR=6.55e-05 | Train Loss=0.2586 Acc=90.5% | Val Loss=0.5475 Acc=85.7%
2026-03-11 20:37:04,799 | INFO |   ✅ New best val acc: 85.71% — checkpoint saved
2026-03-11 20:39:31,141 | INFO | Epoch 021/50 | LR=6.25e-05 | Train Loss=0.2128 Acc=92.1% | Val Loss=0.5362 Acc=85.7%
2026-03-11 20:41:56,075 | INFO | Epoch 022/50 | LR=5.94e-05 | Train Loss=0.2023 Acc=90.9% | Val Loss=0.5488 Acc=87.0%
2026-03-11 20:41:56,272 | INFO |   ✅ New best val acc: 86.97% — checkpoint saved
2026-03-11 20:44:15,352 | INFO | Epoch 023/50 | LR=5.63e-05 | Train Loss=0.1823 Acc=92.1% | Val Loss=0.5349 Acc=84.5%
2026-03-11 20:46:38,704 | INFO | Epoch 024/50 | LR=5.32e-05 | Train Loss=0.1932 Acc=91.1% | Val Loss=0.5360 Acc=84.0%
2026-03-11 20:49:03,544 | INFO | Epoch 025/50 | LR=5.00e-05 | Train Loss=0.1950 Acc=92.3% | Val Loss=0.5509 Acc=84.0%
2026-03-11 20:51:23,975 | INFO | Epoch 026/50 | LR=4.69e-05 | Train Loss=0.1781 Acc=92.7% | Val Loss=0.5623 Acc=85.7%
2026-03-11 20:53:45,520 | INFO | Epoch 027/50 | LR=4.38e-05 | Train Loss=0.1845 Acc=92.7% | Val Loss=0.5683 Acc=86.6%
2026-03-11 20:56:10,262 | INFO | Epoch 028/50 | LR=4.07e-05 | Train Loss=0.1729 Acc=91.9% | Val Loss=0.5822 Acc=86.6%
2026-03-11 20:58:34,700 | INFO | Epoch 029/50 | LR=3.76e-05 | Train Loss=0.1490 Acc=93.6% | Val Loss=0.5251 Acc=87.4%
2026-03-11 20:58:34,897 | INFO |   ✅ New best val acc: 87.39% — checkpoint saved
2026-03-11 21:00:55,290 | INFO | Epoch 030/50 | LR=3.46e-05 | Train Loss=0.1718 Acc=92.7% | Val Loss=0.5179 Acc=86.1%
2026-03-11 21:03:15,497 | INFO | Epoch 031/50 | LR=3.17e-05 | Train Loss=0.1880 Acc=92.4% | Val Loss=0.5088 Acc=87.4%
2026-03-11 21:05:37,649 | INFO | Epoch 032/50 | LR=2.88e-05 | Train Loss=0.1844 Acc=93.0% | Val Loss=0.5245 Acc=87.8%
2026-03-11 21:05:37,839 | INFO |   ✅ New best val acc: 87.82% — checkpoint saved
2026-03-11 21:08:02,059 | INFO | Epoch 033/50 | LR=2.60e-05 | Train Loss=0.1547 Acc=94.0% | Val Loss=0.5398 Acc=86.1%
2026-03-11 21:10:18,519 | INFO | Epoch 034/50 | LR=2.33e-05 | Train Loss=0.1690 Acc=93.2% | Val Loss=0.5394 Acc=85.3%
2026-03-11 21:12:40,682 | INFO | Epoch 035/50 | LR=2.07e-05 | Train Loss=0.1433 Acc=93.6% | Val Loss=0.5292 Acc=85.3%
2026-03-11 21:15:00,001 | INFO | Epoch 036/50 | LR=1.82e-05 | Train Loss=0.1647 Acc=94.1% | Val Loss=0.5660 Acc=86.6%
2026-03-11 21:17:22,042 | INFO | Epoch 037/50 | LR=1.59e-05 | Train Loss=0.1393 Acc=93.5% | Val Loss=0.5844 Acc=86.1%
2026-03-11 21:19:48,596 | INFO | Epoch 038/50 | LR=1.36e-05 | Train Loss=0.1341 Acc=94.7% | Val Loss=0.5495 Acc=85.7%
2026-03-11 21:22:07,866 | INFO | Epoch 039/50 | LR=1.16e-05 | Train Loss=0.1298 Acc=95.1% | Val Loss=0.5681 Acc=86.6%
2026-03-11 21:24:27,666 | INFO | Epoch 040/50 | LR=9.64e-06 | Train Loss=0.1228 Acc=94.5% | Val Loss=0.5770 Acc=85.7%
2026-03-11 21:26:49,463 | INFO | Epoch 041/50 | LR=7.88e-06 | Train Loss=0.1426 Acc=95.0% | Val Loss=0.5429 Acc=86.6%
2026-03-11 21:29:11,117 | INFO | Epoch 042/50 | LR=6.28e-06 | Train Loss=0.1446 Acc=93.3% | Val Loss=0.5612 Acc=87.0%
2026-03-11 21:29:11,133 | INFO | Early stopping at epoch 42 (no improvement for 10 epochs)
2026-03-11 21:29:11,468 | INFO | Final model saved → C:\Users\moksh\AgriSense\ml-service\models\soil_model.pt  (best val acc: 87.82%)
2026-03-11 21:29:21,280 | INFO | 
               precision    recall  f1-score   support

Alluvial_Soil       0.44      0.50      0.47         8
    Arid_Soil       0.90      0.92      0.91        50
   Black_Soil       1.00      0.96      0.98        55
Laterite_Soil       0.78      0.78      0.78        40
Mountain_Soil       1.00      0.96      0.98        46
     Red_Soil       0.79      0.96      0.87        27
  Yellow_Soil       0.62      0.42      0.50        12

     accuracy                           0.88       238
    macro avg       0.79      0.78      0.78       238
 weighted avg       0.88      0.88      0.88       238

2026-03-11 21:29:21,298 | INFO | Report saved → C:\Users\moksh\AgriSense\ml-service\reports\soil_model_report.json
2026-03-11 21:29:21,299 | INFO | === Training Complete ===
2026-05-20 10:21:29,147 | INFO | === AgriSense | Soil Model Training Started ===
2026-05-20 10:21:29,148 | INFO | Device: cpu | AMP: False | Workers: 0
2026-05-20 10:21:29,170 | INFO | Train: 951 | Val: 238 | Classes (7): ['Alluvial_Soil', 'Arid_Soil', 'Black_Soil', 'Laterite_Soil', 'Mountain_Soil', 'Red_Soil', 'Yellow_Soil']
2026-05-20 10:21:29,514 | INFO | Parameters: 4,016,515
2026-05-20 10:21:29,518 | INFO | Training for up to 50 epochs (patience=10) ...

2026-05-20 10:23:52,474 | INFO | Epoch 001/50 | LR=9.99e-05 | Train Loss=1.8062 Acc=25.1% | Val Loss=1.7776 Acc=27.7%
2026-05-20 10:23:52,651 | INFO |   New best val acc: 27.73% -- checkpoint saved
2026-05-20 10:26:21,828 | INFO | Epoch 002/50 | LR=9.96e-05 | Train Loss=1.4496 Acc=42.9% | Val Loss=1.5834 Acc=46.2%
2026-05-20 10:26:22,014 | INFO |   New best val acc: 46.22% -- checkpoint saved
2026-05-20 10:28:43,622 | INFO | Epoch 003/50 | LR=9.91e-05 | Train Loss=1.2067 Acc=50.3% | Val Loss=1.3762 Acc=58.0%
2026-05-20 10:28:43,857 | INFO |   New best val acc: 57.98% -- checkpoint saved
2026-05-20 10:31:15,287 | INFO | Epoch 004/50 | LR=9.84e-05 | Train Loss=0.9941 Acc=60.1% | Val Loss=1.2171 Acc=64.3%
2026-05-20 10:31:15,519 | INFO |   New best val acc: 64.29% -- checkpoint saved
2026-05-20 13:11:46,382 | INFO | Epoch 005/50 | LR=9.76e-05 | Train Loss=0.8880 Acc=65.6% | Val Loss=1.0639 Acc=66.4%
2026-05-20 13:11:46,586 | INFO |   New best val acc: 66.39% -- checkpoint saved
2026-05-20 13:14:11,836 | INFO | Epoch 006/50 | LR=9.65e-05 | Train Loss=0.7672 Acc=67.6% | Val Loss=0.9361 Acc=70.6%
2026-05-20 13:14:12,007 | INFO |   New best val acc: 70.59% -- checkpoint saved
2026-05-20 13:16:34,195 | INFO | Epoch 007/50 | LR=9.52e-05 | Train Loss=0.7059 Acc=70.3% | Val Loss=0.8260 Acc=71.0%
2026-05-20 13:16:34,389 | INFO |   New best val acc: 71.01% -- checkpoint saved
2026-05-20 13:19:00,622 | INFO | Epoch 008/50 | LR=9.38e-05 | Train Loss=0.5895 Acc=76.3% | Val Loss=0.7394 Acc=72.7%
2026-05-20 13:19:00,807 | INFO |   New best val acc: 72.69% -- checkpoint saved
2026-05-20 16:37:42,004 | INFO | Epoch 009/50 | LR=9.22e-05 | Train Loss=0.5335 Acc=79.6% | Val Loss=0.7138 Acc=72.7%
2026-05-20 16:40:04,271 | INFO | Epoch 010/50 | LR=9.05e-05 | Train Loss=0.4762 Acc=79.8% | Val Loss=0.6319 Acc=78.6%
2026-05-20 16:40:04,473 | INFO |   New best val acc: 78.57% -- checkpoint saved
2026-05-20 16:42:25,176 | INFO | Epoch 011/50 | LR=8.85e-05 | Train Loss=0.4184 Acc=82.6% | Val Loss=0.6052 Acc=77.7%
2026-05-20 16:44:43,656 | INFO | Epoch 012/50 | LR=8.65e-05 | Train Loss=0.3679 Acc=83.9% | Val Loss=0.5990 Acc=80.3%
2026-05-20 16:44:43,811 | INFO |   New best val acc: 80.25% -- checkpoint saved
